../Drivers/CMSIS/Include/core_cm4.h:1939:34:__NVIC_SystemReset	4	static,ignoring_inline_asm
../Core/Src/main.c:91:5:main	224	static
../Core/Src/main.c:213:6:SystemClock_Config	112	static
../Core/Src/main.c:261:13:MX_ADC1_Init	24	static
../Core/Src/main.c:305:13:MX_DAC2_Init	24	static
../Core/Src/main.c:342:13:MX_SDADC1_Init	24	static
../Core/Src/main.c:410:13:MX_TIM2_Init	32	static
../Core/Src/main.c:452:13:MX_TIM19_Init	32	static
../Core/Src/main.c:494:13:MX_USART1_UART_Init	8	static
../Core/Src/main.c:527:13:MX_GPIO_Init	48	static
../Core/Src/main.c:564:6:HAL_TIM_PeriodElapsedCallback	16	static
../Core/Src/main.c:577:10:Read_ADC	24	static
../Core/Src/main.c:606:6:Error_Handler	4	static,ignoring_inline_asm
